Component: Arm Compiler for Embedded 6.24 Tool: armlink [5f371500]

==============================================================================

Section Cross References

    main.o(.text.EEPROM_Load_Alarm) refers to eeprom.o(.text.eeprom_read) for eeprom_read
    main.o(.text.EEPROM_Load_Alarm) refers to main.o(.bss.al_h) for al_h
    main.o(.text.EEPROM_Load_Alarm) refers to main.o(.bss.al_m) for al_m
    main.o(.ARM.exidx.text.EEPROM_Load_Alarm) refers to main.o(.text.EEPROM_Load_Alarm) for [Anonymous Symbol]
    main.o(.text.EEPROM_Save_Alarm) refers to eeprom.o(.text.eeprom_write) for eeprom_write
    main.o(.text.EEPROM_Save_Alarm) refers to utility.o(.text.UT_DelayNms) for UT_DelayNms
    main.o(.text.EEPROM_Save_Alarm) refers to main.o(.bss.al_h) for al_h
    main.o(.text.EEPROM_Save_Alarm) refers to main.o(.bss.al_m) for al_m
    main.o(.ARM.exidx.text.EEPROM_Save_Alarm) refers to main.o(.text.EEPROM_Save_Alarm) for [Anonymous Symbol]
    main.o(.text.Buzzer_Task) refers to aeabi_sdivfast.o(.text) for __aeabi_uidivmod
    main.o(.text.Buzzer_Task) refers to main.o(.bss.alarm_ring_ms) for alarm_ring_ms
    main.o(.text.Buzzer_Task) refers to main.o(.bss.beep_timer_ms) for beep_timer_ms
    main.o(.ARM.exidx.text.Buzzer_Task) refers to main.o(.text.Buzzer_Task) for [Anonymous Symbol]
    main.o(.text.LED_D6_Task) refers to main.o(.bss.current_mode) for current_mode
    main.o(.text.LED_D6_Task) refers to main.o(.bss.blink_state) for blink_state
    main.o(.ARM.exidx.text.LED_D6_Task) refers to main.o(.text.LED_D6_Task) for [Anonymous Symbol]
    main.o(.text.Display_Update) refers to aeabi_sdivfast.o(.text_divfast) for __aeabi_idiv
    main.o(.text.Display_Update) refers to main.o(.bss.current_mode) for current_mode
    main.o(.text.Display_Update) refers to main.o(.bss.al_h) for al_h
    main.o(.text.Display_Update) refers to main.o(.bss.hh) for hh
    main.o(.text.Display_Update) refers to segment.o(.rodata.SEGMENT_TABLE) for SEGMENT_TABLE
    main.o(.text.Display_Update) refers to segment.o(.bss.segment_buff) for segment_buff
    main.o(.text.Display_Update) refers to main.o(.bss.al_m) for al_m
    main.o(.text.Display_Update) refers to main.o(.bss.mm) for mm
    main.o(.text.Display_Update) refers to main.o(.bss.blink_state) for blink_state
    main.o(.ARM.exidx.text.Display_Update) refers to main.o(.text.Display_Update) for [Anonymous Symbol]
    main.o(.text.main) refers to system_sn32f400.o(.text.SystemInit) for SystemInit
    main.o(.text.main) refers to system_sn32f400.o(.text.SystemCoreClockUpdate) for SystemCoreClockUpdate
    main.o(.text.main) refers to pfpa.o(.text.PFPA_Init) for PFPA_Init
    main.o(.text.main) refers to gpio.o(.text.GPIO_Init) for GPIO_Init
    main.o(.text.main) refers to i2c0.o(.text.I2C0_Init) for I2C0_Init
    main.o(.text.main) refers to ct16b0.o(.text.CT16B0_Init) for CT16B0_Init
    main.o(.text.main) refers to ct16b1.o(.text.CT16B1_Init) for CT16B1_Init
    main.o(.text.main) refers to eeprom.o(.text.eeprom_read) for eeprom_read
    main.o(.text.main) refers to segment.o(.text.Digital_Scan) for Digital_Scan
    main.o(.text.main) refers to aeabi_sdivfast.o(.text) for __aeabi_uidivmod
    main.o(.text.main) refers to aeabi_sdivfast.o(.text_divfast) for __aeabi_idiv
    main.o(.text.main) refers to keyscan.o(.text.KeyScan) for KeyScan
    main.o(.text.main) refers to eeprom.o(.text.eeprom_write) for eeprom_write
    main.o(.text.main) refers to utility.o(.text.UT_DelayNms) for UT_DelayNms
    main.o(.text.main) refers to main.o(.bss.al_h) for al_h
    main.o(.text.main) refers to main.o(.bss.al_m) for al_m
    main.o(.text.main) refers to ct16b1.o(.bss.timer_1ms_flag) for timer_1ms_flag
    main.o(.text.main) refers to main.o(.bss.alarm_ring_ms) for alarm_ring_ms
    main.o(.text.main) refers to main.o(.bss.beep_timer_ms) for beep_timer_ms
    main.o(.text.main) refers to main.o(.bss.current_mode) for current_mode
    main.o(.text.main) refers to main.o(.bss.blink_state) for blink_state
    main.o(.text.main) refers to main.o(.bss.ms_count) for ms_count
    main.o(.text.main) refers to main.o(.bss.ss) for ss
    main.o(.text.main) refers to main.o(.bss.mm) for mm
    main.o(.text.main) refers to main.o(.bss.hh) for hh
    main.o(.text.main) refers to segment.o(.rodata.SEGMENT_TABLE) for SEGMENT_TABLE
    main.o(.text.main) refers to segment.o(.bss.segment_buff) for segment_buff
    main.o(.text.main) refers to main.o(.bss.timeout_ms) for timeout_ms
    main.o(.ARM.exidx.text.main) refers to main.o(.text.main) for [Anonymous Symbol]
    pfpa.o(.ARM.exidx.text.PFPA_Init) refers to pfpa.o(.text.PFPA_Init) for [Anonymous Symbol]
    gpio.o(.ARM.exidx.text.GPIO_Init) refers to gpio.o(.text.GPIO_Init) for [Anonymous Symbol]
    gpio.o(.ARM.exidx.text.P0_IRQHandler) refers to gpio.o(.text.P0_IRQHandler) for [Anonymous Symbol]
    gpio.o(.ARM.exidx.text.P1_IRQHandler) refers to gpio.o(.text.P1_IRQHandler) for [Anonymous Symbol]
    gpio.o(.ARM.exidx.text.P2_IRQHandler) refers to gpio.o(.text.P2_IRQHandler) for [Anonymous Symbol]
    gpio.o(.ARM.exidx.text.P3_IRQHandler) refers to gpio.o(.text.P3_IRQHandler) for [Anonymous Symbol]
    wdt.o(.ARM.exidx.text.WDT_IRQHandler) refers to wdt.o(.text.WDT_IRQHandler) for [Anonymous Symbol]
    wdt.o(.ARM.exidx.text.WDT_Init) refers to wdt.o(.text.WDT_Init) for [Anonymous Symbol]
    wdt.o(.ARM.exidx.text.WDT_ReloadValue) refers to wdt.o(.text.WDT_ReloadValue) for [Anonymous Symbol]
    wdt.o(.ARM.exidx.text.WDT_NvicEnable) refers to wdt.o(.text.WDT_NvicEnable) for [Anonymous Symbol]
    wdt.o(.ARM.exidx.text.WDT_NvicDisable) refers to wdt.o(.text.WDT_NvicDisable) for [Anonymous Symbol]
    utility.o(.ARM.exidx.text.UT_DelayNx10us) refers to utility.o(.text.UT_DelayNx10us) for [Anonymous Symbol]
    utility.o(.ARM.exidx.text.UT_DelayNms) refers to utility.o(.text.UT_DelayNms) for [Anonymous Symbol]
    ct16b1.o(.text.CT16B1_IRQHandler) refers to ct16b1.o(.bss.timer_1ms_flag) for timer_1ms_flag
    ct16b1.o(.ARM.exidx.text.CT16B1_IRQHandler) refers to ct16b1.o(.text.CT16B1_IRQHandler) for [Anonymous Symbol]
    ct16b1.o(.ARM.exidx.text.CT16B1_Init) refers to ct16b1.o(.text.CT16B1_Init) for [Anonymous Symbol]
    ct16b1.o(.ARM.exidx.text.CT16B1_NvicEnable) refers to ct16b1.o(.text.CT16B1_NvicEnable) for [Anonymous Symbol]
    ct16b1.o(.ARM.exidx.text.CT16B1_NvicDisable) refers to ct16b1.o(.text.CT16B1_NvicDisable) for [Anonymous Symbol]
    i2c0.o(.ARM.exidx.text.I2C0_IRQHandler) refers to i2c0.o(.text.I2C0_IRQHandler) for [Anonymous Symbol]
    i2c0.o(.ARM.exidx.text.I2C0_Init) refers to i2c0.o(.text.I2C0_Init) for [Anonymous Symbol]
    i2c0.o(.ARM.exidx.text.I2C0_Start) refers to i2c0.o(.text.I2C0_Start) for [Anonymous Symbol]
    i2c0.o(.ARM.exidx.text.I2C0_Stop) refers to i2c0.o(.text.I2C0_Stop) for [Anonymous Symbol]
    i2c0.o(.ARM.exidx.text.I2C_write_byte) refers to i2c0.o(.text.I2C_write_byte) for [Anonymous Symbol]
    i2c0.o(.ARM.exidx.text.I2C_read_byte) refers to i2c0.o(.text.I2C_read_byte) for [Anonymous Symbol]
    ct16b0.o(.ARM.exidx.text.CT16B0_IRQHandler) refers to ct16b0.o(.text.CT16B0_IRQHandler) for [Anonymous Symbol]
    ct16b0.o(.ARM.exidx.text.CT16B0_Init) refers to ct16b0.o(.text.CT16B0_Init) for [Anonymous Symbol]
    ct16b0.o(.ARM.exidx.text.CT16B0_NvicEnable) refers to ct16b0.o(.text.CT16B0_NvicEnable) for [Anonymous Symbol]
    ct16b0.o(.ARM.exidx.text.CT16B0_NvicDisable) refers to ct16b0.o(.text.CT16B0_NvicDisable) for [Anonymous Symbol]
    keyscan.o(.text.KeyScan) refers to utility.o(.text.UT_DelayNx10us) for UT_DelayNx10us
    keyscan.o(.text.KeyScan) refers to keyscan.o(.bss.key_check) for key_check
    keyscan.o(.text.KeyScan) refers to keyscan.o(.bss.key_debounce) for key_debounce
    keyscan.o(.text.KeyScan) refers to keyscan.o(.bss.key_cvt) for key_cvt
    keyscan.o(.ARM.exidx.text.KeyScan) refers to keyscan.o(.text.KeyScan) for [Anonymous Symbol]
    eeprom.o(.text.eeprom_write) refers to i2c0.o(.text.I2C0_Start) for I2C0_Start
    eeprom.o(.text.eeprom_write) refers to i2c0.o(.text.I2C_write_byte) for I2C_write_byte
    eeprom.o(.text.eeprom_write) refers to i2c0.o(.text.I2C0_Stop) for I2C0_Stop
    eeprom.o(.ARM.exidx.text.eeprom_write) refers to eeprom.o(.text.eeprom_write) for [Anonymous Symbol]
    eeprom.o(.text.eeprom_read) refers to i2c0.o(.text.I2C0_Start) for I2C0_Start
    eeprom.o(.text.eeprom_read) refers to i2c0.o(.text.I2C_write_byte) for I2C_write_byte
    eeprom.o(.text.eeprom_read) refers to i2c0.o(.text.I2C_read_byte) for I2C_read_byte
    eeprom.o(.text.eeprom_read) refers to i2c0.o(.text.I2C0_Stop) for I2C0_Stop
    eeprom.o(.ARM.exidx.text.eeprom_read) refers to eeprom.o(.text.eeprom_read) for [Anonymous Symbol]
    segment.o(.text.Digital_DisplayDEC) refers to segment.o(.rodata.SEGMENT_TABLE) for SEGMENT_TABLE
    segment.o(.text.Digital_DisplayDEC) refers to segment.o(.bss.segment_buff) for segment_buff
    segment.o(.ARM.exidx.text.Digital_DisplayDEC) refers to segment.o(.text.Digital_DisplayDEC) for [Anonymous Symbol]
    segment.o(.text.Digital_DisplayHEX) refers to segment.o(.rodata.SEGMENT_TABLE) for SEGMENT_TABLE
    segment.o(.text.Digital_DisplayHEX) refers to segment.o(.bss.segment_buff) for segment_buff
    segment.o(.ARM.exidx.text.Digital_DisplayHEX) refers to segment.o(.text.Digital_DisplayHEX) for [Anonymous Symbol]
    segment.o(.text.Digital_Scan) refers to segment.o(.bss.com_scan) for com_scan
    segment.o(.text.Digital_Scan) refers to segment.o(.bss.segment_buff) for segment_buff
    segment.o(.ARM.exidx.text.Digital_Scan) refers to segment.o(.text.Digital_Scan) for [Anonymous Symbol]
    startup_sn32f400.o(STACK) refers (Special) to heapauxi.o(.text) for __use_two_region_memory
    startup_sn32f400.o(HEAP) refers (Special) to heapauxi.o(.text) for __use_two_region_memory
    startup_sn32f400.o(RESET) refers (Special) to heapauxi.o(.text) for __use_two_region_memory
    startup_sn32f400.o(RESET) refers to startup_sn32f400.o(STACK) for __initial_sp
    startup_sn32f400.o(RESET) refers to startup_sn32f400.o(.text) for Reset_Handler
    startup_sn32f400.o(RESET) refers to i2c0.o(.text.I2C0_IRQHandler) for I2C0_IRQHandler
    startup_sn32f400.o(RESET) refers to ct16b0.o(.text.CT16B0_IRQHandler) for CT16B0_IRQHandler
    startup_sn32f400.o(RESET) refers to ct16b1.o(.text.CT16B1_IRQHandler) for CT16B1_IRQHandler
    startup_sn32f400.o(RESET) refers to wdt.o(.text.WDT_IRQHandler) for WDT_IRQHandler
    startup_sn32f400.o(RESET) refers to gpio.o(.text.P3_IRQHandler) for P3_IRQHandler
    startup_sn32f400.o(RESET) refers to gpio.o(.text.P2_IRQHandler) for P2_IRQHandler
    startup_sn32f400.o(RESET) refers to gpio.o(.text.P1_IRQHandler) for P1_IRQHandler
    startup_sn32f400.o(RESET) refers to gpio.o(.text.P0_IRQHandler) for P0_IRQHandler
    startup_sn32f400.o(.ARM.__at_0x00007FFC) refers (Special) to heapauxi.o(.text) for __use_two_region_memory
    startup_sn32f400.o(.text) refers (Special) to heapauxi.o(.text) for __use_two_region_memory
    startup_sn32f400.o(.text) refers to __main.o(!!!main) for __main
    startup_sn32f400.o(.text) refers to startup_sn32f400.o(HEAP) for Heap_Mem
    startup_sn32f400.o(.text) refers to startup_sn32f400.o(STACK) for Stack_Mem
    system_sn32f400.o(.text.SystemCoreClockUpdate) refers to aeabi_sdivfast.o(.text_divfast) for __aeabi_uidiv
    system_sn32f400.o(.text.SystemCoreClockUpdate) refers to system_sn32f400.o(.bss.SystemCoreClock) for SystemCoreClock
    system_sn32f400.o(.ARM.exidx.text.SystemCoreClockUpdate) refers to system_sn32f400.o(.text.SystemCoreClockUpdate) for [Anonymous Symbol]
    system_sn32f400.o(.ARM.exidx.text.SystemInit) refers to system_sn32f400.o(.text.SystemInit) for [Anonymous Symbol]
    __main.o(!!!main) refers to __rtentry.o(.ARM.Collect$$rtentry$$00000000) for __rt_entry
    __rtentry.o(.ARM.Collect$$rtentry$$00000000) refers (Special) to __rtentry2.o(.ARM.Collect$$rtentry$$0000000A) for __rt_entry_li
    __rtentry.o(.ARM.Collect$$rtentry$$00000000) refers (Special) to __rtentry2.o(.ARM.Collect$$rtentry$$0000000D) for __rt_entry_main
    __rtentry.o(.ARM.Collect$$rtentry$$00000000) refers (Special) to __rtentry2.o(.ARM.Collect$$rtentry$$0000000C) for __rt_entry_postli_1
    __rtentry.o(.ARM.Collect$$rtentry$$00000000) refers (Special) to __rtentry2.o(.ARM.Collect$$rtentry$$00000009) for __rt_entry_postsh_1
    __rtentry.o(.ARM.Collect$$rtentry$$00000000) refers (Special) to __rtentry2.o(.ARM.Collect$$rtentry$$00000002) for __rt_entry_presh_1
    __rtentry.o(.ARM.Collect$$rtentry$$00000000) refers (Special) to __rtentry4.o(.ARM.Collect$$rtentry$$00000004) for __rt_entry_sh
    aeabi_idiv0_sigfpe.o(.text) refers to rt_div0.o(.text) for __rt_div0
    __rtentry2.o(.ARM.Collect$$rtentry$$00000008) refers to boardinit2.o(.text) for _platform_post_stackheap_init
    __rtentry2.o(.ARM.Collect$$rtentry$$0000000A) refers to libinit.o(.ARM.Collect$$libinit$$00000000) for __rt_lib_init
    __rtentry2.o(.ARM.Collect$$rtentry$$0000000B) refers to boardinit3.o(.text) for _platform_post_lib_init
    __rtentry2.o(.ARM.Collect$$rtentry$$0000000D) refers to main.o(.text.main) for main
    __rtentry2.o(.ARM.Collect$$rtentry$$0000000D) refers to exit.o(.text) for exit
    __rtentry2.o(.ARM.exidx) refers to __rtentry2.o(.ARM.Collect$$rtentry$$00000001) for .ARM.Collect$$rtentry$$00000001
    __rtentry2.o(.ARM.exidx) refers to __rtentry2.o(.ARM.Collect$$rtentry$$00000008) for .ARM.Collect$$rtentry$$00000008
    __rtentry2.o(.ARM.exidx) refers to __rtentry2.o(.ARM.Collect$$rtentry$$0000000A) for .ARM.Collect$$rtentry$$0000000A
    __rtentry2.o(.ARM.exidx) refers to __rtentry2.o(.ARM.Collect$$rtentry$$0000000B) for .ARM.Collect$$rtentry$$0000000B
    __rtentry2.o(.ARM.exidx) refers to __rtentry2.o(.ARM.Collect$$rtentry$$0000000D) for .ARM.Collect$$rtentry$$0000000D
    __rtentry4.o(.ARM.Collect$$rtentry$$00000004) refers to sys_stackheap_outer.o(.text) for __user_setup_stackheap
    __rtentry4.o(.ARM.exidx) refers to __rtentry4.o(.ARM.Collect$$rtentry$$00000004) for .ARM.Collect$$rtentry$$00000004
    rt_div0.o(.text) refers to defsig_fpe_outer.o(.text) for __rt_SIGFPE
    sys_stackheap_outer.o(.text) refers to libspace.o(.text) for __user_perproc_libspace
    sys_stackheap_outer.o(.text) refers to startup_sn32f400.o(.text) for __user_initial_stackheap
    sys_stackheap_outer.o(__vectab_stack_and_reset_area) refers to tempstk.o(.text) for __temporary_stack_top
    sys_stackheap_outer.o(__vectab_stack_and_reset_area) refers to __main.o(!!!main) for __main
    exit.o(.text) refers to rtexit.o(.ARM.Collect$$rtexit$$00000000) for __rt_exit
    defsig_fpe_outer.o(.text) refers to defsig_fpe_inner.o(.text) for __rt_SIGFPE_inner
    defsig_fpe_outer.o(.text) refers to defsig_exit.o(.text) for __sig_exit
    defsig_fpe_formal.o(.text) refers to rt_raise.o(.text) for __rt_raise
    libinit.o(.ARM.Collect$$libinit$$00000000) refers (Special) to libinit2.o(.ARM.Collect$$libinit$$00000030) for __rt_lib_init_alloca_1
    libinit.o(.ARM.Collect$$libinit$$00000000) refers (Special) to libinit2.o(.ARM.Collect$$libinit$$0000002E) for __rt_lib_init_argv_1
    libinit.o(.ARM.Collect$$libinit$$00000000) refers (Special) to libinit2.o(.ARM.Collect$$libinit$$0000001D) for __rt_lib_init_atexit_1
    libinit.o(.ARM.Collect$$libinit$$00000000) refers (Special) to libinit2.o(.ARM.Collect$$libinit$$00000023) for __rt_lib_init_clock_1
    libinit.o(.ARM.Collect$$libinit$$00000000) refers (Special) to libinit2.o(.ARM.Collect$$libinit$$00000034) for __rt_lib_init_cpp_1
    libinit.o(.ARM.Collect$$libinit$$00000000) refers (Special) to libinit2.o(.ARM.Collect$$libinit$$00000032) for __rt_lib_init_exceptions_1
    libinit.o(.ARM.Collect$$libinit$$00000000) refers (Special) to libinit2.o(.ARM.Collect$$libinit$$00000002) for __rt_lib_init_fp_1
    libinit.o(.ARM.Collect$$libinit$$00000000) refers (Special) to libinit2.o(.ARM.Collect$$libinit$$00000021) for __rt_lib_init_fp_trap_1
    libinit.o(.ARM.Collect$$libinit$$00000000) refers (Special) to libinit2.o(.ARM.Collect$$libinit$$00000025) for __rt_lib_init_getenv_1
    libinit.o(.ARM.Collect$$libinit$$00000000) refers (Special) to libinit2.o(.ARM.Collect$$libinit$$0000000C) for __rt_lib_init_heap_1
    libinit.o(.ARM.Collect$$libinit$$00000000) refers (Special) to libinit2.o(.ARM.Collect$$libinit$$00000013) for __rt_lib_init_lc_collate_1
    libinit.o(.ARM.Collect$$libinit$$00000000) refers (Special) to libinit2.o(.ARM.Collect$$libinit$$00000015) for __rt_lib_init_lc_ctype_1
    libinit.o(.ARM.Collect$$libinit$$00000000) refers (Special) to libinit2.o(.ARM.Collect$$libinit$$00000017) for __rt_lib_init_lc_monetary_1
    libinit.o(.ARM.Collect$$libinit$$00000000) refers (Special) to libinit2.o(.ARM.Collect$$libinit$$00000019) for __rt_lib_init_lc_numeric_1
    libinit.o(.ARM.Collect$$libinit$$00000000) refers (Special) to libinit2.o(.ARM.Collect$$libinit$$0000001B) for __rt_lib_init_lc_time_1
    libinit.o(.ARM.Collect$$libinit$$00000000) refers (Special) to libinit2.o(.ARM.Collect$$libinit$$00000006) for __rt_lib_init_preinit_1
    libinit.o(.ARM.Collect$$libinit$$00000000) refers (Special) to libinit2.o(.ARM.Collect$$libinit$$00000010) for __rt_lib_init_rand_1
    libinit.o(.ARM.Collect$$libinit$$00000000) refers (Special) to libinit2.o(.ARM.Collect$$libinit$$00000004) for __rt_lib_init_relocate_pie_1
    libinit.o(.ARM.Collect$$libinit$$00000000) refers (Special) to libinit2.o(.ARM.Collect$$libinit$$00000035) for __rt_lib_init_return
    libinit.o(.ARM.Collect$$libinit$$00000000) refers (Special) to libinit2.o(.ARM.Collect$$libinit$$0000001F) for __rt_lib_init_signal_1
    libinit.o(.ARM.Collect$$libinit$$00000000) refers (Special) to libinit2.o(.ARM.Collect$$libinit$$00000027) for __rt_lib_init_stdio_1
    libinit.o(.ARM.Collect$$libinit$$00000000) refers (Special) to libinit2.o(.ARM.Collect$$libinit$$0000000E) for __rt_lib_init_user_alloc_1
    libspace.o(.text) refers to libspace.o(.bss) for __libspace_start
    rtexit.o(.ARM.Collect$$rtexit$$00000000) refers (Special) to rtexit2.o(.ARM.Collect$$rtexit$$00000004) for __rt_exit_exit
    rtexit.o(.ARM.Collect$$rtexit$$00000000) refers (Special) to rtexit2.o(.ARM.Collect$$rtexit$$00000003) for __rt_exit_ls
    rtexit.o(.ARM.Collect$$rtexit$$00000000) refers (Special) to rtexit2.o(.ARM.Collect$$rtexit$$00000002) for __rt_exit_prels_1
    rtexit.o(.ARM.exidx) refers (Special) to rtexit2.o(.ARM.Collect$$rtexit$$00000004) for __rt_exit_exit
    rtexit.o(.ARM.exidx) refers (Special) to rtexit2.o(.ARM.Collect$$rtexit$$00000003) for __rt_exit_ls
    rtexit.o(.ARM.exidx) refers (Special) to rtexit2.o(.ARM.Collect$$rtexit$$00000002) for __rt_exit_prels_1
    rtexit.o(.ARM.exidx) refers to rtexit.o(.ARM.Collect$$rtexit$$00000000) for .ARM.Collect$$rtexit$$00000000
    rt_raise.o(.text) refers to __raise.o(.text) for __raise
    rt_raise.o(.text) refers to sys_exit.o(.text) for _sys_exit
    defsig_exit.o(.text) refers to sys_exit.o(.text) for _sys_exit
    defsig_fpe_inner.o(.text) refers to defsig_general.o(.text) for __default_signal_display
    libinit2.o(.ARM.Collect$$libinit$$00000012) refers to libinit2.o(.ARM.Collect$$libinit$$00000011) for .ARM.Collect$$libinit$$00000011
    libinit2.o(.ARM.Collect$$libinit$$00000014) refers to libinit2.o(.ARM.Collect$$libinit$$00000011) for .ARM.Collect$$libinit$$00000011
    libinit2.o(.ARM.Collect$$libinit$$00000016) refers to libinit2.o(.ARM.Collect$$libinit$$00000011) for .ARM.Collect$$libinit$$00000011
    libinit2.o(.ARM.Collect$$libinit$$00000018) refers to libinit2.o(.ARM.Collect$$libinit$$00000011) for .ARM.Collect$$libinit$$00000011
    libinit2.o(.ARM.Collect$$libinit$$0000001A) refers to libinit2.o(.ARM.Collect$$libinit$$00000011) for .ARM.Collect$$libinit$$00000011
    libinit2.o(.ARM.Collect$$libinit$$00000028) refers to argv_veneer.o(.text) for __ARM_argv_veneer
    libinit2.o(.ARM.Collect$$libinit$$00000029) refers to argv_veneer.o(.text) for __ARM_argv_veneer
    sys_exit.o(.text) refers (Special) to use_no_semi.o(.text) for __I$use$semihosting
    sys_exit.o(.text) refers (Special) to indicate_semi.o(.text) for __semihosting_library_function
    sys_exit_hlt.o(.text) refers (Special) to use_no_semi.o(.text) for __I$use$semihosting
    sys_exit_hlt.o(.text) refers (Special) to indicate_semi.o(.text) for __semihosting_library_function
    rtexit2.o(.ARM.Collect$$rtexit$$00000003) refers to libshutdown.o(.ARM.Collect$$libshutdown$$00000000) for __rt_lib_shutdown
    rtexit2.o(.ARM.Collect$$rtexit$$00000004) refers to sys_exit.o(.text) for _sys_exit
    rtexit2.o(.ARM.exidx) refers to rtexit2.o(.ARM.Collect$$rtexit$$00000001) for .ARM.Collect$$rtexit$$00000001
    rtexit2.o(.ARM.exidx) refers to rtexit2.o(.ARM.Collect$$rtexit$$00000003) for .ARM.Collect$$rtexit$$00000003
    rtexit2.o(.ARM.exidx) refers to rtexit2.o(.ARM.Collect$$rtexit$$00000004) for .ARM.Collect$$rtexit$$00000004
    __raise.o(.text) refers to defsig.o(CL$$defsig) for __default_signal_handler
    defsig_general.o(.text) refers to sys_wrch.o(.text) for _ttywrch
    sys_wrch.o(.text) refers (Special) to use_no_semi.o(.text) for __I$use$semihosting
    sys_wrch.o(.text) refers (Special) to indicate_semi.o(.text) for __semihosting_library_function
    sys_wrch_hlt.o(.text) refers (Special) to use_no_semi.o(.text) for __I$use$semihosting
    sys_wrch_hlt.o(.text) refers (Special) to indicate_semi.o(.text) for __semihosting_library_function
    defsig.o(CL$$defsig) refers to defsig_fpe_inner.o(.text) for __rt_SIGFPE_inner
    defsig.o(CL$$defsig) refers to defsig_rtmem_inner.o(.text) for __rt_SIGRTMEM_inner
    _get_argv_nomalloc.o(.text) refers (Special) to hrguard.o(.text) for __heap_region$guard
    _get_argv_nomalloc.o(.text) refers to defsig_rtmem_outer.o(.text) for __rt_SIGRTMEM
    _get_argv_nomalloc.o(.text) refers to sys_command.o(.text) for _sys_command_string
    libshutdown.o(.ARM.Collect$$libshutdown$$00000000) refers (Special) to libshutdown2.o(.ARM.Collect$$libshutdown$$00000002) for __rt_lib_shutdown_cpp_1
    libshutdown.o(.ARM.Collect$$libshutdown$$00000000) refers (Special) to libshutdown2.o(.ARM.Collect$$libshutdown$$00000007) for __rt_lib_shutdown_fp_trap_1
    libshutdown.o(.ARM.Collect$$libshutdown$$00000000) refers (Special) to libshutdown2.o(.ARM.Collect$$libshutdown$$0000000F) for __rt_lib_shutdown_heap_1
    libshutdown.o(.ARM.Collect$$libshutdown$$00000000) refers (Special) to libshutdown2.o(.ARM.Collect$$libshutdown$$00000010) for __rt_lib_shutdown_return
    libshutdown.o(.ARM.Collect$$libshutdown$$00000000) refers (Special) to libshutdown2.o(.ARM.Collect$$libshutdown$$0000000A) for __rt_lib_shutdown_signal_1
    libshutdown.o(.ARM.Collect$$libshutdown$$00000000) refers (Special) to libshutdown2.o(.ARM.Collect$$libshutdown$$00000004) for __rt_lib_shutdown_stdio_1
    libshutdown.o(.ARM.Collect$$libshutdown$$00000000) refers (Special) to libshutdown2.o(.ARM.Collect$$libshutdown$$0000000C) for __rt_lib_shutdown_user_alloc_1
    sys_command.o(.text) refers (Special) to use_no_semi.o(.text) for __I$use$semihosting
    sys_command.o(.text) refers (Special) to indicate_semi.o(.text) for __semihosting_library_function
    sys_command_hlt.o(.text) refers (Special) to use_no_semi.o(.text) for __I$use$semihosting
    sys_command_hlt.o(.text) refers (Special) to indicate_semi.o(.text) for __semihosting_library_function
    defsig_abrt_inner.o(.text) refers to defsig_general.o(.text) for __default_signal_display
    defsig_rtred_inner.o(.text) refers to defsig_general.o(.text) for __default_signal_display
    defsig_rtmem_inner.o(.text) refers to defsig_general.o(.text) for __default_signal_display
    defsig_rtmem_outer.o(.text) refers to defsig_rtmem_inner.o(.text) for __rt_SIGRTMEM_inner
    defsig_rtmem_outer.o(.text) refers to defsig_exit.o(.text) for __sig_exit
    defsig_rtmem_formal.o(.text) refers to rt_raise.o(.text) for __rt_raise
    defsig_stak_inner.o(.text) refers to defsig_general.o(.text) for __default_signal_display
    defsig_pvfn_inner.o(.text) refers to defsig_general.o(.text) for __default_signal_display
    defsig_cppl_inner.o(.text) refers to defsig_general.o(.text) for __default_signal_display
    defsig_segv_inner.o(.text) refers to defsig_general.o(.text) for __default_signal_display
    defsig_other.o(.text) refers to defsig_general.o(.text) for __default_signal_display


==============================================================================

Removing Unused input sections from the image.

    Removing main.o(.text), (0 bytes).
    Removing main.o(.text.EEPROM_Load_Alarm), (72 bytes).
    Removing main.o(.ARM.exidx.text.EEPROM_Load_Alarm), (8 bytes).
    Removing main.o(.text.EEPROM_Save_Alarm), (72 bytes).
    Removing main.o(.ARM.exidx.text.EEPROM_Save_Alarm), (8 bytes).
    Removing main.o(.text.Buzzer_Task), (72 bytes).
    Removing main.o(.ARM.exidx.text.Buzzer_Task), (8 bytes).
    Removing main.o(.text.LED_D6_Task), (44 bytes).
    Removing main.o(.ARM.exidx.text.LED_D6_Task), (8 bytes).
    Removing main.o(.text.Display_Update), (184 bytes).
    Removing main.o(.ARM.exidx.text.Display_Update), (8 bytes).
    Removing main.o(.ARM.exidx.text.main), (8 bytes).
    Removing main.o(.ARM.use_no_argv), (4 bytes).
    Removing pfpa.o(.text), (0 bytes).
    Removing pfpa.o(.ARM.exidx.text.PFPA_Init), (8 bytes).
    Removing gpio.o(.text), (0 bytes).
    Removing gpio.o(.ARM.exidx.text.GPIO_Init), (8 bytes).
    Removing gpio.o(.ARM.exidx.text.P0_IRQHandler), (8 bytes).
    Removing gpio.o(.ARM.exidx.text.P1_IRQHandler), (8 bytes).
    Removing gpio.o(.ARM.exidx.text.P2_IRQHandler), (8 bytes).
    Removing gpio.o(.ARM.exidx.text.P3_IRQHandler), (8 bytes).
    Removing wdt.o(.text), (0 bytes).
    Removing wdt.o(.ARM.exidx.text.WDT_IRQHandler), (8 bytes).
    Removing wdt.o(.text.WDT_Init), (40 bytes).
    Removing wdt.o(.ARM.exidx.text.WDT_Init), (8 bytes).
    Removing wdt.o(.text.WDT_ReloadValue), (28 bytes).
    Removing wdt.o(.ARM.exidx.text.WDT_ReloadValue), (8 bytes).
    Removing wdt.o(.text.WDT_NvicEnable), (40 bytes).
    Removing wdt.o(.ARM.exidx.text.WDT_NvicEnable), (8 bytes).
    Removing wdt.o(.text.WDT_NvicDisable), (24 bytes).
    Removing wdt.o(.ARM.exidx.text.WDT_NvicDisable), (8 bytes).
    Removing utility.o(.text), (0 bytes).
    Removing utility.o(.ARM.exidx.text.UT_DelayNx10us), (8 bytes).
    Removing utility.o(.ARM.exidx.text.UT_DelayNms), (8 bytes).
    Removing ct16b1.o(.text), (0 bytes).
    Removing ct16b1.o(.ARM.exidx.text.CT16B1_IRQHandler), (8 bytes).
    Removing ct16b1.o(.ARM.exidx.text.CT16B1_Init), (8 bytes).
    Removing ct16b1.o(.text.CT16B1_NvicEnable), (24 bytes).
    Removing ct16b1.o(.ARM.exidx.text.CT16B1_NvicEnable), (8 bytes).
    Removing ct16b1.o(.text.CT16B1_NvicDisable), (24 bytes).
    Removing ct16b1.o(.ARM.exidx.text.CT16B1_NvicDisable), (8 bytes).
    Removing ct16b1.o(.bss.timer_repeat), (2 bytes).
    Removing ct16b1.o(.bss.timer_1s_flag), (1 bytes).
    Removing i2c0.o(.text), (0 bytes).
    Removing i2c0.o(.ARM.exidx.text.I2C0_IRQHandler), (8 bytes).
    Removing i2c0.o(.ARM.exidx.text.I2C0_Init), (8 bytes).
    Removing i2c0.o(.ARM.exidx.text.I2C0_Start), (8 bytes).
    Removing i2c0.o(.ARM.exidx.text.I2C0_Stop), (8 bytes).
    Removing i2c0.o(.ARM.exidx.text.I2C_write_byte), (8 bytes).
    Removing i2c0.o(.ARM.exidx.text.I2C_read_byte), (8 bytes).
    Removing ct16b0.o(.text), (0 bytes).
    Removing ct16b0.o(.ARM.exidx.text.CT16B0_IRQHandler), (8 bytes).
    Removing ct16b0.o(.ARM.exidx.text.CT16B0_Init), (8 bytes).
    Removing ct16b0.o(.text.CT16B0_NvicEnable), (24 bytes).
    Removing ct16b0.o(.ARM.exidx.text.CT16B0_NvicEnable), (8 bytes).
    Removing ct16b0.o(.text.CT16B0_NvicDisable), (24 bytes).
    Removing ct16b0.o(.ARM.exidx.text.CT16B0_NvicDisable), (8 bytes).
    Removing keyscan.o(.text), (0 bytes).
    Removing keyscan.o(.ARM.exidx.text.KeyScan), (8 bytes).
    Removing eeprom.o(.text), (0 bytes).
    Removing eeprom.o(.ARM.exidx.text.eeprom_write), (8 bytes).
    Removing eeprom.o(.ARM.exidx.text.eeprom_read), (8 bytes).
    Removing segment.o(.text), (0 bytes).
    Removing segment.o(.text.Digital_DisplayDEC), (140 bytes).
    Removing segment.o(.ARM.exidx.text.Digital_DisplayDEC), (8 bytes).
    Removing segment.o(.text.Digital_DisplayHEX), (44 bytes).
    Removing segment.o(.ARM.exidx.text.Digital_DisplayHEX), (8 bytes).
    Removing segment.o(.ARM.exidx.text.Digital_Scan), (8 bytes).
    Removing system_sn32f400.o(.text), (0 bytes).
    Removing system_sn32f400.o(.ARM.exidx.text.SystemCoreClockUpdate), (8 bytes).
    Removing system_sn32f400.o(.ARM.exidx.text.SystemInit), (8 bytes).

71 unused section(s) (total 1191 bytes) removed from the image.

==============================================================================

Image Symbol Table

    Local Symbols

    Symbol Name                              Value     Ov Type        Size  Object(Section)

    ../clib/angel/boardlib.s                 0x00000000   Number         0  boardinit1.o ABSOLUTE
    ../clib/angel/boardlib.s                 0x00000000   Number         0  boardinit2.o ABSOLUTE
    ../clib/angel/boardlib.s                 0x00000000   Number         0  boardinit3.o ABSOLUTE
    ../clib/angel/boardlib.s                 0x00000000   Number         0  boardshut.o ABSOLUTE
    ../clib/angel/handlers.s                 0x00000000   Number         0  __scatter_zi.o ABSOLUTE
    ../clib/angel/kernel.s                   0x00000000   Number         0  __rtentry.o ABSOLUTE
    ../clib/angel/kernel.s                   0x00000000   Number         0  __rtentry2.o ABSOLUTE
    ../clib/angel/kernel.s                   0x00000000   Number         0  __rtentry4.o ABSOLUTE
    ../clib/angel/kernel.s                   0x00000000   Number         0  rtexit.o ABSOLUTE
    ../clib/angel/kernel.s                   0x00000000   Number         0  rtexit2.o ABSOLUTE
    ../clib/angel/rt.s                       0x00000000   Number         0  aeabi_idiv0.o ABSOLUTE
    ../clib/angel/rt.s                       0x00000000   Number         0  aeabi_idiv0_sigfpe.o ABSOLUTE
    ../clib/angel/rt.s                       0x00000000   Number         0  rt_div0.o ABSOLUTE
    ../clib/angel/rt.s                       0x00000000   Number         0  rt_raise.o ABSOLUTE
    ../clib/angel/scatterp.s                 0x00000000   Number         0  __scatter.o ABSOLUTE
    ../clib/angel/startup.s                  0x00000000   Number         0  __main.o ABSOLUTE
    ../clib/angel/sys.s                      0x00000000   Number         0  sys_stackheap_outer.o ABSOLUTE
    ../clib/angel/sys.s                      0x00000000   Number         0  libspace.o ABSOLUTE
    ../clib/angel/sys.s                      0x00000000   Number         0  tempstk.o ABSOLUTE
    ../clib/angel/sys.s                      0x00000000   Number         0  use_no_semi.o ABSOLUTE
    ../clib/angel/sys.s                      0x00000000   Number         0  indicate_semi.o ABSOLUTE
    ../clib/angel/sysapp.c                   0x00000000   Number         0  sys_exit.o ABSOLUTE
    ../clib/angel/sysapp.c                   0x00000000   Number         0  sys_exit_hlt.o ABSOLUTE
    ../clib/angel/sysapp.c                   0x00000000   Number         0  sys_wrch.o ABSOLUTE
    ../clib/angel/sysapp.c                   0x00000000   Number         0  sys_wrch_hlt.o ABSOLUTE
    ../clib/angel/sysapp.c                   0x00000000   Number         0  sys_command.o ABSOLUTE
    ../clib/angel/sysapp.c                   0x00000000   Number         0  sys_command_hlt.o ABSOLUTE
    ../clib/armsys.c                         0x00000000   Number         0  argv_veneer.o ABSOLUTE
    ../clib/armsys.c                         0x00000000   Number         0  _get_argv_nomalloc.o ABSOLUTE
    ../clib/armsys.c                         0x00000000   Number         0  no_argv.o ABSOLUTE
    ../clib/division.s                       0x00000000   Number         0  aeabi_sdivfast.o ABSOLUTE
    ../clib/division.s                       0x00000000   Number         0  aeabi_sdivfast_div0.o ABSOLUTE
    ../clib/heapalloc.c                      0x00000000   Number         0  hrguard.o ABSOLUTE
    ../clib/heapaux.c                        0x00000000   Number         0  heapauxi.o ABSOLUTE
    ../clib/libinit.s                        0x00000000   Number         0  libinit.o ABSOLUTE
    ../clib/libinit.s                        0x00000000   Number         0  libinit2.o ABSOLUTE
    ../clib/libinit.s                        0x00000000   Number         0  libshutdown.o ABSOLUTE
    ../clib/libinit.s                        0x00000000   Number         0  libshutdown2.o ABSOLUTE
    ../clib/signal.c                         0x00000000   Number         0  defsig_fpe_outer.o ABSOLUTE
    ../clib/signal.c                         0x00000000   Number         0  defsig_fpe_formal.o ABSOLUTE
    ../clib/signal.c                         0x00000000   Number         0  defsig_exit.o ABSOLUTE
    ../clib/signal.c                         0x00000000   Number         0  defsig_fpe_inner.o ABSOLUTE
    ../clib/signal.c                         0x00000000   Number         0  __raise.o ABSOLUTE
    ../clib/signal.c                         0x00000000   Number         0  defsig_general.o ABSOLUTE
    ../clib/signal.c                         0x00000000   Number         0  defsig_abrt_inner.o ABSOLUTE
    ../clib/signal.c                         0x00000000   Number         0  defsig_rtred_inner.o ABSOLUTE
    ../clib/signal.c                         0x00000000   Number         0  defsig_rtmem_inner.o ABSOLUTE
    ../clib/signal.c                         0x00000000   Number         0  defsig_rtmem_outer.o ABSOLUTE
    ../clib/signal.c                         0x00000000   Number         0  defsig_rtmem_formal.o ABSOLUTE
    ../clib/signal.c                         0x00000000   Number         0  defsig_stak_inner.o ABSOLUTE
    ../clib/signal.c                         0x00000000   Number         0  defsig_pvfn_inner.o ABSOLUTE
    ../clib/signal.c                         0x00000000   Number         0  defsig_cppl_inner.o ABSOLUTE
    ../clib/signal.c                         0x00000000   Number         0  defsig_segv_inner.o ABSOLUTE
    ../clib/signal.c                         0x00000000   Number         0  defsig_other.o ABSOLUTE
    ../clib/signal.s                         0x00000000   Number         0  defsig.o ABSOLUTE
    ../clib/stdlib.c                         0x00000000   Number         0  exit.o ABSOLUTE
    ../fplib/cfplib/fpinit.c                 0x00000000   Number         0  fpinit.o ABSOLUTE
    CT16B0.c                                 0x00000000   Number         0  ct16b0.o ABSOLUTE
    CT16B1.c                                 0x00000000   Number         0  ct16b1.o ABSOLUTE
    EEPROM.c                                 0x00000000   Number         0  eeprom.o ABSOLUTE
    GPIO.c                                   0x00000000   Number         0  gpio.o ABSOLUTE
    I2C0.c                                   0x00000000   Number         0  i2c0.o ABSOLUTE
    KeyScan.c                                0x00000000   Number         0  keyscan.o ABSOLUTE
    PFPA.c                                   0x00000000   Number         0  pfpa.o ABSOLUTE
    RTE/Device/SN32F407F/startup_SN32F400.s  0x00000000   Number         0  startup_sn32f400.o ABSOLUTE
    Segment.c                                0x00000000   Number         0  segment.o ABSOLUTE
    Utility.c                                0x00000000   Number         0  utility.o ABSOLUTE
    WDT.c                                    0x00000000   Number         0  wdt.o ABSOLUTE
    dc.s                                     0x00000000   Number         0  dc.o ABSOLUTE
    main.c                                   0x00000000   Number         0  main.o ABSOLUTE
    system_SN32F400.c                        0x00000000   Number         0  system_sn32f400.o ABSOLUTE
    RESET                                    0x00000000   Section      192  startup_sn32f400.o(RESET)
    !!!main                                  0x000000c0   Section        8  __main.o(!!!main)
    !!!scatter                               0x000000c8   Section       84  __scatter.o(!!!scatter)
    !!handler_null                           0x0000011c   Section        2  __scatter.o(!!handler_null)
    !!handler_zi                             0x00000120   Section       28  __scatter_zi.o(!!handler_zi)
    .ARM.Collect$$libinit$$00000000          0x0000013c   Section        2  libinit.o(.ARM.Collect$$libinit$$00000000)
    .ARM.Collect$$libinit$$00000002          0x0000013e   Section        0  libinit2.o(.ARM.Collect$$libinit$$00000002)
    .ARM.Collect$$libinit$$00000004          0x0000013e   Section        0  libinit2.o(.ARM.Collect$$libinit$$00000004)
    .ARM.Collect$$libinit$$00000006          0x0000013e   Section        0  libinit2.o(.ARM.Collect$$libinit$$00000006)
    .ARM.Collect$$libinit$$0000000C          0x0000013e   Section        0  libinit2.o(.ARM.Collect$$libinit$$0000000C)
    .ARM.Collect$$libinit$$0000000E          0x0000013e   Section        0  libinit2.o(.ARM.Collect$$libinit$$0000000E)
    .ARM.Collect$$libinit$$00000010          0x0000013e   Section        0  libinit2.o(.ARM.Collect$$libinit$$00000010)
    .ARM.Collect$$libinit$$00000013          0x0000013e   Section        0  libinit2.o(.ARM.Collect$$libinit$$00000013)
    .ARM.Collect$$libinit$$00000015          0x0000013e   Section        0  libinit2.o(.ARM.Collect$$libinit$$00000015)
    .ARM.Collect$$libinit$$00000017          0x0000013e   Section        0  libinit2.o(.ARM.Collect$$libinit$$00000017)
    .ARM.Collect$$libinit$$00000019          0x0000013e   Section        0  libinit2.o(.ARM.Collect$$libinit$$00000019)
    .ARM.Collect$$libinit$$0000001B          0x0000013e   Section        0  libinit2.o(.ARM.Collect$$libinit$$0000001B)
    .ARM.Collect$$libinit$$0000001D          0x0000013e   Section        0  libinit2.o(.ARM.Collect$$libinit$$0000001D)
    .ARM.Collect$$libinit$$0000001F          0x0000013e   Section        0  libinit2.o(.ARM.Collect$$libinit$$0000001F)
    .ARM.Collect$$libinit$$00000021          0x0000013e   Section        0  libinit2.o(.ARM.Collect$$libinit$$00000021)
    .ARM.Collect$$libinit$$00000023          0x0000013e   Section        0  libinit2.o(.ARM.Collect$$libinit$$00000023)
    .ARM.Collect$$libinit$$00000025          0x0000013e   Section        0  libinit2.o(.ARM.Collect$$libinit$$00000025)
    .ARM.Collect$$libinit$$00000027          0x0000013e   Section        0  libinit2.o(.ARM.Collect$$libinit$$00000027)
    .ARM.Collect$$libinit$$0000002E          0x0000013e   Section        0  libinit2.o(.ARM.Collect$$libinit$$0000002E)
    .ARM.Collect$$libinit$$00000030          0x0000013e   Section        0  libinit2.o(.ARM.Collect$$libinit$$00000030)
    .ARM.Collect$$libinit$$00000032          0x0000013e   Section        0  libinit2.o(.ARM.Collect$$libinit$$00000032)
    .ARM.Collect$$libinit$$00000034          0x0000013e   Section        0  libinit2.o(.ARM.Collect$$libinit$$00000034)
    .ARM.Collect$$libinit$$00000035          0x0000013e   Section        2  libinit2.o(.ARM.Collect$$libinit$$00000035)
    .ARM.Collect$$libshutdown$$00000000      0x00000140   Section        2  libshutdown.o(.ARM.Collect$$libshutdown$$00000000)
    .ARM.Collect$$libshutdown$$00000002      0x00000142   Section        0  libshutdown2.o(.ARM.Collect$$libshutdown$$00000002)
    .ARM.Collect$$libshutdown$$00000004      0x00000142   Section        0  libshutdown2.o(.ARM.Collect$$libshutdown$$00000004)
    .ARM.Collect$$libshutdown$$00000007      0x00000142   Section        0  libshutdown2.o(.ARM.Collect$$libshutdown$$00000007)
    .ARM.Collect$$libshutdown$$0000000A      0x00000142   Section        0  libshutdown2.o(.ARM.Collect$$libshutdown$$0000000A)
    .ARM.Collect$$libshutdown$$0000000C      0x00000142   Section        0  libshutdown2.o(.ARM.Collect$$libshutdown$$0000000C)
    .ARM.Collect$$libshutdown$$0000000F      0x00000142   Section        0  libshutdown2.o(.ARM.Collect$$libshutdown$$0000000F)
    .ARM.Collect$$libshutdown$$00000010      0x00000142   Section        2  libshutdown2.o(.ARM.Collect$$libshutdown$$00000010)
    .ARM.Collect$$rtentry$$00000000          0x00000144   Section        0  __rtentry.o(.ARM.Collect$$rtentry$$00000000)
    .ARM.Collect$$rtentry$$00000002          0x00000144   Section        0  __rtentry2.o(.ARM.Collect$$rtentry$$00000002)
    .ARM.Collect$$rtentry$$00000004          0x00000144   Section        6  __rtentry4.o(.ARM.Collect$$rtentry$$00000004)
    .ARM.Collect$$rtentry$$00000009          0x0000014a   Section        0  __rtentry2.o(.ARM.Collect$$rtentry$$00000009)
    .ARM.Collect$$rtentry$$0000000A          0x0000014a   Section        4  __rtentry2.o(.ARM.Collect$$rtentry$$0000000A)
    .ARM.Collect$$rtentry$$0000000C          0x0000014e   Section        0  __rtentry2.o(.ARM.Collect$$rtentry$$0000000C)
    .ARM.Collect$$rtentry$$0000000D          0x0000014e   Section        8  __rtentry2.o(.ARM.Collect$$rtentry$$0000000D)
    .ARM.Collect$$rtexit$$00000000           0x00000156   Section        2  rtexit.o(.ARM.Collect$$rtexit$$00000000)
    .ARM.Collect$$rtexit$$00000002           0x00000158   Section        0  rtexit2.o(.ARM.Collect$$rtexit$$00000002)
    .ARM.Collect$$rtexit$$00000003           0x00000158   Section        4  rtexit2.o(.ARM.Collect$$rtexit$$00000003)
    .ARM.Collect$$rtexit$$00000004           0x0000015c   Section        6  rtexit2.o(.ARM.Collect$$rtexit$$00000004)
    .text                                    0x00000164   Section       44  startup_sn32f400.o(.text)
    .text                                    0x00000190   Section      504  aeabi_sdivfast.o(.text)
    .text                                    0x00000388   Section        0  heapauxi.o(.text)
    .text                                    0x0000038e   Section       62  sys_stackheap_outer.o(.text)
    .text                                    0x000003cc   Section        0  exit.o(.text)
    .text                                    0x000003dc   Section        8  libspace.o(.text)
    .text                                    0x000003e4   Section        0  sys_exit.o(.text)
    .text                                    0x000003f0   Section        2  use_no_semi.o(.text)
    .text                                    0x000003f2   Section        0  indicate_semi.o(.text)
    [Anonymous Symbol]                       0x000003f4   Section        0  ct16b0.o(.text.CT16B0_IRQHandler)
    __arm_cp.0_0                             0x000003fc   Number         4  ct16b0.o(.text.CT16B0_IRQHandler)
    [Anonymous Symbol]                       0x00000400   Section        0  ct16b0.o(.text.CT16B0_Init)
    __arm_cp.1_2                             0x0000042c   Number         4  ct16b0.o(.text.CT16B0_Init)
    [Anonymous Symbol]                       0x00000430   Section        0  ct16b1.o(.text.CT16B1_IRQHandler)
    __arm_cp.0_0                             0x00000444   Number         4  ct16b1.o(.text.CT16B1_IRQHandler)
    __arm_cp.0_1                             0x00000448   Number         4  ct16b1.o(.text.CT16B1_IRQHandler)
    [Anonymous Symbol]                       0x0000044c   Section        0  ct16b1.o(.text.CT16B1_Init)
    __arm_cp.1_1                             0x00000478   Number         4  ct16b1.o(.text.CT16B1_Init)
    __arm_cp.1_2                             0x0000047c   Number         4  ct16b1.o(.text.CT16B1_Init)
    __arm_cp.1_3                             0x00000480   Number         4  ct16b1.o(.text.CT16B1_Init)
    [Anonymous Symbol]                       0x00000484   Section        0  segment.o(.text.Digital_Scan)
    __arm_cp.2_0                             0x000004b8   Number         4  segment.o(.text.Digital_Scan)
    __arm_cp.2_1                             0x000004bc   Number         4  segment.o(.text.Digital_Scan)
    __arm_cp.2_2                             0x000004c0   Number         4  segment.o(.text.Digital_Scan)
    __arm_cp.2_4                             0x000004d4   Number         4  segment.o(.text.Digital_Scan)
    [Anonymous Symbol]                       0x000004d8   Section        0  gpio.o(.text.GPIO_Init)
    __arm_cp.0_2                             0x0000050c   Number         4  gpio.o(.text.GPIO_Init)
    __arm_cp.0_3                             0x00000510   Number         4  gpio.o(.text.GPIO_Init)
    [Anonymous Symbol]                       0x00000514   Section        0  i2c0.o(.text.I2C0_IRQHandler)
    [Anonymous Symbol]                       0x00000520   Section        0  i2c0.o(.text.I2C0_Init)
    __arm_cp.1_0                             0x00000540   Number         4  i2c0.o(.text.I2C0_Init)
    [Anonymous Symbol]                       0x00000544   Section        0  i2c0.o(.text.I2C0_Start)
    [Anonymous Symbol]                       0x0000055c   Section        0  i2c0.o(.text.I2C0_Stop)
    [Anonymous Symbol]                       0x00000574   Section        0  i2c0.o(.text.I2C_read_byte)
    __arm_cp.5_0                             0x00000598   Number         4  i2c0.o(.text.I2C_read_byte)
    [Anonymous Symbol]                       0x0000059c   Section        0  i2c0.o(.text.I2C_write_byte)
    __arm_cp.4_0                             0x000005b8   Number         4  i2c0.o(.text.I2C_write_byte)
    [Anonymous Symbol]                       0x000005bc   Section        0  keyscan.o(.text.KeyScan)
    __arm_cp.0_0                             0x00000660   Number         4  keyscan.o(.text.KeyScan)
    __arm_cp.0_1                             0x00000664   Number         4  keyscan.o(.text.KeyScan)
    __arm_cp.0_2                             0x00000668   Number         4  keyscan.o(.text.KeyScan)
    __arm_cp.0_3                             0x0000066c   Number         4  keyscan.o(.text.KeyScan)
    __arm_cp.0_4                             0x00000670   Number         4  keyscan.o(.text.KeyScan)
    __arm_cp.0_5                             0x00000674   Number         4  keyscan.o(.text.KeyScan)
    [Anonymous Symbol]                       0x00000678   Section        0  gpio.o(.text.P0_IRQHandler)
    __arm_cp.1_0                             0x00000680   Number         4  gpio.o(.text.P0_IRQHandler)
    [Anonymous Symbol]                       0x00000684   Section        0  gpio.o(.text.P1_IRQHandler)
    __arm_cp.2_0                             0x0000068c   Number         4  gpio.o(.text.P1_IRQHandler)
    [Anonymous Symbol]                       0x00000690   Section        0  gpio.o(.text.P2_IRQHandler)
    __arm_cp.3_0                             0x00000698   Number         4  gpio.o(.text.P2_IRQHandler)
    [Anonymous Symbol]                       0x0000069c   Section        0  gpio.o(.text.P3_IRQHandler)
    __arm_cp.4_0                             0x000006a4   Number         4  gpio.o(.text.P3_IRQHandler)
    __arm_cp.4_1                             0x000006a8   Number         4  gpio.o(.text.P3_IRQHandler)
    [Anonymous Symbol]                       0x000006ac   Section        0  pfpa.o(.text.PFPA_Init)
    __arm_cp.0_0                             0x000006c8   Number         4  pfpa.o(.text.PFPA_Init)
    __arm_cp.0_1                             0x000006cc   Number         4  pfpa.o(.text.PFPA_Init)
    [Anonymous Symbol]                       0x000006d0   Section        0  system_sn32f400.o(.text.SystemCoreClockUpdate)
    __arm_cp.0_0                             0x0000076c   Number         4  system_sn32f400.o(.text.SystemCoreClockUpdate)
    __arm_cp.0_1                             0x00000770   Number         4  system_sn32f400.o(.text.SystemCoreClockUpdate)
    __arm_cp.0_2                             0x00000774   Number         4  system_sn32f400.o(.text.SystemCoreClockUpdate)
    __arm_cp.0_3                             0x00000778   Number         4  system_sn32f400.o(.text.SystemCoreClockUpdate)
    __arm_cp.0_4                             0x0000077c   Number         4  system_sn32f400.o(.text.SystemCoreClockUpdate)
    __arm_cp.0_5                             0x00000780   Number         4  system_sn32f400.o(.text.SystemCoreClockUpdate)
    __arm_cp.0_8                             0x000007a4   Number         4  system_sn32f400.o(.text.SystemCoreClockUpdate)
    __arm_cp.0_9                             0x000007a8   Number         4  system_sn32f400.o(.text.SystemCoreClockUpdate)
    [Anonymous Symbol]                       0x000007ac   Section        0  system_sn32f400.o(.text.SystemInit)
    __arm_cp.1_0                             0x000007d8   Number         4  system_sn32f400.o(.text.SystemInit)
    [Anonymous Symbol]                       0x000007dc   Section        0  utility.o(.text.UT_DelayNms)
    __arm_cp.1_0                             0x00000804   Number         4  utility.o(.text.UT_DelayNms)
    [Anonymous Symbol]                       0x00000808   Section        0  utility.o(.text.UT_DelayNx10us)
    [Anonymous Symbol]                       0x00000820   Section        0  wdt.o(.text.WDT_IRQHandler)
    __arm_cp.0_0                             0x00000834   Number         4  wdt.o(.text.WDT_IRQHandler)
    __arm_cp.0_1                             0x00000838   Number         4  wdt.o(.text.WDT_IRQHandler)
    __arm_cp.0_2                             0x0000083c   Number         4  wdt.o(.text.WDT_IRQHandler)
    [Anonymous Symbol]                       0x00000840   Section        0  eeprom.o(.text.eeprom_read)
    [Anonymous Symbol]                       0x0000089a   Section        0  eeprom.o(.text.eeprom_write)
    [Anonymous Symbol]                       0x000008d4   Section        0  main.o(.text.main)
    __arm_cp.5_0                             0x00000c88   Number         4  main.o(.text.main)
    __arm_cp.5_1                             0x00000c8c   Number         4  main.o(.text.main)
    __arm_cp.5_2                             0x00000c90   Number         4  main.o(.text.main)
    __arm_cp.5_3                             0x00000c94   Number         4  main.o(.text.main)
    __arm_cp.5_4                             0x00000c98   Number         4  main.o(.text.main)
    __arm_cp.5_5                             0x00000c9c   Number         4  main.o(.text.main)
    __arm_cp.5_6                             0x00000ca0   Number         4  main.o(.text.main)
    __arm_cp.5_7                             0x00000ca4   Number         4  main.o(.text.main)
    __arm_cp.5_8                             0x00000ca8   Number         4  main.o(.text.main)
    __arm_cp.5_9                             0x00000cac   Number         4  main.o(.text.main)
    __arm_cp.5_10                            0x00000cb0   Number         4  main.o(.text.main)
    __arm_cp.5_11                            0x00000cb4   Number         4  main.o(.text.main)
    __arm_cp.5_12                            0x00000cb8   Number         4  main.o(.text.main)
    __arm_cp.5_13                            0x00000cbc   Number         4  main.o(.text.main)
    __arm_cp.5_14                            0x00000cc0   Number         4  main.o(.text.main)
    __arm_cp.5_15                            0x00000cc4   Number         4  main.o(.text.main)
    __arm_cp.5_16                            0x00000cc8   Number         4  main.o(.text.main)
    __arm_cp.5_17                            0x00000ccc   Number         4  main.o(.text.main)
    __arm_cp.5_18                            0x00000cd0   Number         4  main.o(.text.main)
    __arm_cp.5_19                            0x00000cd4   Number         4  main.o(.text.main)
    __arm_cp.5_20                            0x00000cd8   Number         4  main.o(.text.main)
    __arm_cp.5_21                            0x00000cdc   Number         4  main.o(.text.main)
    __arm_cp.5_22                            0x00000ce0   Number         4  main.o(.text.main)
    __arm_cp.5_23                            0x00000ce4   Number         4  main.o(.text.main)
    .text_divfast                            0x00000ce8   Section      502  aeabi_sdivfast.o(.text_divfast)
    .ARM.__at_0x00007FFC                     0x00007ffc   Section        4  startup_sn32f400.o(.ARM.__at_0x00007FFC)
    .bss                                     0x20000000   Section       96  libspace.o(.bss)
    Heap_Mem                                 0x20000090   Data           0  startup_sn32f400.o(HEAP)
    Stack_Mem                                0x20000090   Data         512  startup_sn32f400.o(STACK)
    HEAP                                     0x20000090   Section        0  startup_sn32f400.o(HEAP)
    STACK                                    0x20000090   Section      512  startup_sn32f400.o(STACK)
    __initial_sp                             0x20000290   Data           0  startup_sn32f400.o(STACK)

    Global Symbols

    Symbol Name                              Value     Ov Type        Size  Object(Section)

    BuildAttributes$$THM_ISAv3M$S$PE$A:L22$X:L11$S22$IEEE1$IW$~IW$USESV6$~STKCKD$USESV7$~SHL$OTIME$ROPI$EBA8$UX$STANDARDLIB$REQ8$PRES8$EABIv2 0x00000000   Number         0  anon$$obj.o ABSOLUTE
    __Vectors                                0x00000000   Data           4  startup_sn32f400.o(RESET)
    __ARM_exceptions_init                     - Undefined Weak Reference
    __alloca_initialize                       - Undefined Weak Reference
    __arm_preinit_                            - Undefined Weak Reference
    __arm_relocate_pie_                       - Undefined Weak Reference
    __cpp_initialize__aeabi_                  - Undefined Weak Reference
    __cxa_finalize                            - Undefined Weak Reference
    __rt_locale                               - Undefined Weak Reference
    __sigvec_lookup                           - Undefined Weak Reference
    _atexit_init                              - Undefined Weak Reference
    _call_atexit_fns                          - Undefined Weak Reference
    _clock_init                               - Undefined Weak Reference
    _fp_trap_init                             - Undefined Weak Reference
    _fp_trap_shutdown                         - Undefined Weak Reference
    _get_lc_collate                           - Undefined Weak Reference
    _get_lc_ctype                             - Undefined Weak Reference
    _get_lc_monetary                          - Undefined Weak Reference
    _get_lc_numeric                           - Undefined Weak Reference
    _get_lc_time                              - Undefined Weak Reference
    _getenv_init                              - Undefined Weak Reference
    _handle_redirection                       - Undefined Weak Reference
    _init_alloc                               - Undefined Weak Reference
    _init_user_alloc                          - Undefined Weak Reference
    _initio                                   - Undefined Weak Reference
    _rand_init                                - Undefined Weak Reference
    _signal_finish                            - Undefined Weak Reference
    _signal_init                              - Undefined Weak Reference
    _terminate_alloc                          - Undefined Weak Reference
    _terminate_user_alloc                     - Undefined Weak Reference
    _terminateio                              - Undefined Weak Reference
    __main                                   0x000000c1   Thumb Code     8  __main.o(!!!main)
    __scatterload                            0x000000c9   Thumb Code     0  __scatter.o(!!!scatter)
    __scatterload_rt2                        0x000000c9   Thumb Code    74  __scatter.o(!!!scatter)
    __scatterload_rt2_thumb_only             0x000000c9   Thumb Code     0  __scatter.o(!!!scatter)
    __scatterload_loop                       0x000000d3   Thumb Code     0  __scatter.o(!!!scatter)
    __scatterload_null                       0x0000011d   Thumb Code     2  __scatter.o(!!handler_null)
    __scatterload_zeroinit                   0x00000121   Thumb Code    28  __scatter_zi.o(!!handler_zi)
    __rt_lib_init                            0x0000013d   Thumb Code     0  libinit.o(.ARM.Collect$$libinit$$00000000)
    __rt_lib_init_alloca_1                   0x0000013f   Thumb Code     0  libinit2.o(.ARM.Collect$$libinit$$00000030)
    __rt_lib_init_argv_1                     0x0000013f   Thumb Code     0  libinit2.o(.ARM.Collect$$libinit$$0000002E)
    __rt_lib_init_atexit_1                   0x0000013f   Thumb Code     0  libinit2.o(.ARM.Collect$$libinit$$0000001D)
    __rt_lib_init_clock_1                    0x0000013f   Thumb Code     0  libinit2.o(.ARM.Collect$$libinit$$00000023)
    __rt_lib_init_cpp_1                      0x0000013f   Thumb Code     0  libinit2.o(.ARM.Collect$$libinit$$00000034)
    __rt_lib_init_exceptions_1               0x0000013f   Thumb Code     0  libinit2.o(.ARM.Collect$$libinit$$00000032)
    __rt_lib_init_fp_1                       0x0000013f   Thumb Code     0  libinit2.o(.ARM.Collect$$libinit$$00000002)
    __rt_lib_init_fp_trap_1                  0x0000013f   Thumb Code     0  libinit2.o(.ARM.Collect$$libinit$$00000021)
    __rt_lib_init_getenv_1                   0x0000013f   Thumb Code     0  libinit2.o(.ARM.Collect$$libinit$$00000025)
    __rt_lib_init_heap_1                     0x0000013f   Thumb Code     0  libinit2.o(.ARM.Collect$$libinit$$0000000C)
    __rt_lib_init_lc_collate_1               0x0000013f   Thumb Code     0  libinit2.o(.ARM.Collect$$libinit$$00000013)
    __rt_lib_init_lc_ctype_1                 0x0000013f   Thumb Code     0  libinit2.o(.ARM.Collect$$libinit$$00000015)
    __rt_lib_init_lc_monetary_1              0x0000013f   Thumb Code     0  libinit2.o(.ARM.Collect$$libinit$$00000017)
    __rt_lib_init_lc_numeric_1               0x0000013f   Thumb Code     0  libinit2.o(.ARM.Collect$$libinit$$00000019)
    __rt_lib_init_lc_time_1                  0x0000013f   Thumb Code     0  libinit2.o(.ARM.Collect$$libinit$$0000001B)
    __rt_lib_init_preinit_1                  0x0000013f   Thumb Code     0  libinit2.o(.ARM.Collect$$libinit$$00000006)
    __rt_lib_init_rand_1                     0x0000013f   Thumb Code     0  libinit2.o(.ARM.Collect$$libinit$$00000010)
    __rt_lib_init_relocate_pie_1             0x0000013f   Thumb Code     0  libinit2.o(.ARM.Collect$$libinit$$00000004)
    __rt_lib_init_return                     0x0000013f   Thumb Code     0  libinit2.o(.ARM.Collect$$libinit$$00000035)
    __rt_lib_init_signal_1                   0x0000013f   Thumb Code     0  libinit2.o(.ARM.Collect$$libinit$$0000001F)
    __rt_lib_init_stdio_1                    0x0000013f   Thumb Code     0  libinit2.o(.ARM.Collect$$libinit$$00000027)
    __rt_lib_init_user_alloc_1               0x0000013f   Thumb Code     0  libinit2.o(.ARM.Collect$$libinit$$0000000E)
    __rt_lib_shutdown                        0x00000141   Thumb Code     0  libshutdown.o(.ARM.Collect$$libshutdown$$00000000)
    __rt_lib_shutdown_cpp_1                  0x00000143   Thumb Code     0  libshutdown2.o(.ARM.Collect$$libshutdown$$00000002)
    __rt_lib_shutdown_fp_trap_1              0x00000143   Thumb Code     0  libshutdown2.o(.ARM.Collect$$libshutdown$$00000007)
    __rt_lib_shutdown_heap_1                 0x00000143   Thumb Code     0  libshutdown2.o(.ARM.Collect$$libshutdown$$0000000F)
    __rt_lib_shutdown_return                 0x00000143   Thumb Code     0  libshutdown2.o(.ARM.Collect$$libshutdown$$00000010)
    __rt_lib_shutdown_signal_1               0x00000143   Thumb Code     0  libshutdown2.o(.ARM.Collect$$libshutdown$$0000000A)
    __rt_lib_shutdown_stdio_1                0x00000143   Thumb Code     0  libshutdown2.o(.ARM.Collect$$libshutdown$$00000004)
    __rt_lib_shutdown_user_alloc_1           0x00000143   Thumb Code     0  libshutdown2.o(.ARM.Collect$$libshutdown$$0000000C)
    __rt_entry                               0x00000145   Thumb Code     0  __rtentry.o(.ARM.Collect$$rtentry$$00000000)
    __rt_entry_presh_1                       0x00000145   Thumb Code     0  __rtentry2.o(.ARM.Collect$$rtentry$$00000002)
    __rt_entry_sh                            0x00000145   Thumb Code     0  __rtentry4.o(.ARM.Collect$$rtentry$$00000004)
    __rt_entry_li                            0x0000014b   Thumb Code     0  __rtentry2.o(.ARM.Collect$$rtentry$$0000000A)
    __rt_entry_postsh_1                      0x0000014b   Thumb Code     0  __rtentry2.o(.ARM.Collect$$rtentry$$00000009)
    __rt_entry_main                          0x0000014f   Thumb Code     0  __rtentry2.o(.ARM.Collect$$rtentry$$0000000D)
    __rt_entry_postli_1                      0x0000014f   Thumb Code     0  __rtentry2.o(.ARM.Collect$$rtentry$$0000000C)
    __rt_exit                                0x00000157   Thumb Code     0  rtexit.o(.ARM.Collect$$rtexit$$00000000)
    __rt_exit_ls                             0x00000159   Thumb Code     0  rtexit2.o(.ARM.Collect$$rtexit$$00000003)
    __rt_exit_prels_1                        0x00000159   Thumb Code     0  rtexit2.o(.ARM.Collect$$rtexit$$00000002)
    __rt_exit_exit                           0x0000015d   Thumb Code     0  rtexit2.o(.ARM.Collect$$rtexit$$00000004)
    Reset_Handler                            0x00000165   Thumb Code     4  startup_sn32f400.o(.text)
    NMI_Handler                              0x00000169   Thumb Code     2  startup_sn32f400.o(.text)
    HardFault_Handler                        0x0000016b   Thumb Code     2  startup_sn32f400.o(.text)
    SVC_Handler                              0x0000016d   Thumb Code     2  startup_sn32f400.o(.text)
    PendSV_Handler                           0x0000016f   Thumb Code     2  startup_sn32f400.o(.text)
    SysTick_Handler                          0x00000171   Thumb Code     2  startup_sn32f400.o(.text)
    ADC_IRQHandler                           0x00000173   Thumb Code     0  startup_sn32f400.o(.text)
    ATAN_IRQHandler                          0x00000173   Thumb Code     0  startup_sn32f400.o(.text)
    CMP0_IRQHandler                          0x00000173   Thumb Code     0  startup_sn32f400.o(.text)
    CMP1_IRQHandler                          0x00000173   Thumb Code     0  startup_sn32f400.o(.text)
    CMP2_IRQHandler                          0x00000173   Thumb Code     0  startup_sn32f400.o(.text)
    CMP3_IRQHandler                          0x00000173   Thumb Code     0  startup_sn32f400.o(.text)
    CT16B5_IRQHandler                        0x00000173   Thumb Code     0  startup_sn32f400.o(.text)
    DIV_IRQHandler                           0x00000173   Thumb Code     0  startup_sn32f400.o(.text)
    DMA_IRQHandler                           0x00000173   Thumb Code     0  startup_sn32f400.o(.text)
    FOC_IRQHandler                           0x00000173   Thumb Code     0  startup_sn32f400.o(.text)
    LVD_IRQHandler                           0x00000173   Thumb Code     0  startup_sn32f400.o(.text)
    NDT_IRQHandler                           0x00000173   Thumb Code     0  startup_sn32f400.o(.text)
    RTC_IRQHandler                           0x00000173   Thumb Code     0  startup_sn32f400.o(.text)
    SPI0_IRQHandler                          0x00000173   Thumb Code     0  startup_sn32f400.o(.text)
    SQRT_IRQHandler                          0x00000173   Thumb Code     0  startup_sn32f400.o(.text)
    UART0_IRQHandler                         0x00000173   Thumb Code     0  startup_sn32f400.o(.text)
    UART1_IRQHandler                         0x00000173   Thumb Code     0  startup_sn32f400.o(.text)
    __user_initial_stackheap                 0x00000175   Thumb Code     0  startup_sn32f400.o(.text)
    __aeabi_uidivmod                         0x00000191   Thumb Code    28  aeabi_sdivfast.o(.text)
    __aeabi_idivmod                          0x000001ad   Thumb Code   472  aeabi_sdivfast.o(.text)
    __use_two_region_memory                  0x00000389   Thumb Code     2  heapauxi.o(.text)
    __rt_heap_escrow$2region                 0x0000038b   Thumb Code     2  heapauxi.o(.text)
    __rt_heap_expand$2region                 0x0000038d   Thumb Code     2  heapauxi.o(.text)
    __user_setup_stackheap                   0x0000038f   Thumb Code    62  sys_stackheap_outer.o(.text)
    exit                                     0x000003cd   Thumb Code    16  exit.o(.text)
    __user_libspace                          0x000003dd   Thumb Code     8  libspace.o(.text)
    __user_perproc_libspace                  0x000003dd   Thumb Code     0  libspace.o(.text)
    __user_perthread_libspace                0x000003dd   Thumb Code     0  libspace.o(.text)
    _sys_exit                                0x000003e5   Thumb Code     8  sys_exit.o(.text)
    __I$use$semihosting                      0x000003f1   Thumb Code     0  use_no_semi.o(.text)
    __use_no_semihosting_swi                 0x000003f1   Thumb Code     2  use_no_semi.o(.text)
    __semihosting_library_function           0x000003f3   Thumb Code     0  indicate_semi.o(.text)
    CT16B0_IRQHandler                        0x000003f5   Thumb Code     8  ct16b0.o(.text.CT16B0_IRQHandler)
    CT16B0_Init                              0x00000401   Thumb Code    44  ct16b0.o(.text.CT16B0_Init)
    CT16B1_IRQHandler                        0x00000431   Thumb Code    20  ct16b1.o(.text.CT16B1_IRQHandler)
    CT16B1_Init                              0x0000044d   Thumb Code    44  ct16b1.o(.text.CT16B1_Init)
    Digital_Scan                             0x00000485   Thumb Code    52  segment.o(.text.Digital_Scan)
    GPIO_Init                                0x000004d9   Thumb Code    52  gpio.o(.text.GPIO_Init)
    I2C0_IRQHandler                          0x00000515   Thumb Code    12  i2c0.o(.text.I2C0_IRQHandler)
    I2C0_Init                                0x00000521   Thumb Code    32  i2c0.o(.text.I2C0_Init)
    I2C0_Start                               0x00000545   Thumb Code    24  i2c0.o(.text.I2C0_Start)
    I2C0_Stop                                0x0000055d   Thumb Code    24  i2c0.o(.text.I2C0_Stop)
    I2C_read_byte                            0x00000575   Thumb Code    36  i2c0.o(.text.I2C_read_byte)
    I2C_write_byte                           0x0000059d   Thumb Code    28  i2c0.o(.text.I2C_write_byte)
    KeyScan                                  0x000005bd   Thumb Code   164  keyscan.o(.text.KeyScan)
    P0_IRQHandler                            0x00000679   Thumb Code     8  gpio.o(.text.P0_IRQHandler)
    P1_IRQHandler                            0x00000685   Thumb Code     8  gpio.o(.text.P1_IRQHandler)
    P2_IRQHandler                            0x00000691   Thumb Code     8  gpio.o(.text.P2_IRQHandler)
    P3_IRQHandler                            0x0000069d   Thumb Code     8  gpio.o(.text.P3_IRQHandler)
    PFPA_Init                                0x000006ad   Thumb Code    28  pfpa.o(.text.PFPA_Init)
    SystemCoreClockUpdate                    0x000006d1   Thumb Code   156  system_sn32f400.o(.text.SystemCoreClockUpdate)
    SystemInit                               0x000007ad   Thumb Code    44  system_sn32f400.o(.text.SystemInit)
    UT_DelayNms                              0x000007dd   Thumb Code    40  utility.o(.text.UT_DelayNms)
    UT_DelayNx10us                           0x00000809   Thumb Code    22  utility.o(.text.UT_DelayNx10us)
    WDT_IRQHandler                           0x00000821   Thumb Code    20  wdt.o(.text.WDT_IRQHandler)
    eeprom_read                              0x00000841   Thumb Code    90  eeprom.o(.text.eeprom_read)
    eeprom_write                             0x0000089b   Thumb Code    56  eeprom.o(.text.eeprom_write)
    main                                     0x000008d5   Thumb Code   948  main.o(.text.main)
    __aeabi_uidiv                            0x00000ce9   Thumb Code    68  aeabi_sdivfast.o(.text_divfast)
    __aeabi_idiv                             0x00000d2d   Thumb Code   434  aeabi_sdivfast.o(.text_divfast)
    SEGMENT_TABLE                            0x00000ede   Data          17  segment.o(.rodata.SEGMENT_TABLE)
    Region$$Table$$Base                      0x00000ef0   Number         0  anon$$obj.o(Region$$Table)
    Region$$Table$$Limit                     0x00000f00   Number         0  anon$$obj.o(Region$$Table)
    __libspace_start                         0x20000000   Data          96  libspace.o(.bss)
    SystemCoreClock                          0x20000060   Data           4  system_sn32f400.o(.bss.SystemCoreClock)
    __temporary_stack_top$libspace           0x20000060   Data           0  libspace.o(.bss)
    al_h                                     0x20000064   Data           1  main.o(.bss.al_h)
    al_m                                     0x20000065   Data           1  main.o(.bss.al_m)
    alarm_ring_ms                            0x20000068   Data           4  main.o(.bss.alarm_ring_ms)
    beep_timer_ms                            0x2000006c   Data           4  main.o(.bss.beep_timer_ms)
    blink_state                              0x20000070   Data           1  main.o(.bss.blink_state)
    com_scan                                 0x20000071   Data           1  segment.o(.bss.com_scan)
    current_mode                             0x20000072   Data           1  main.o(.bss.current_mode)
    hh                                       0x20000073   Data           1  main.o(.bss.hh)
    key_check                                0x20000074   Data           1  keyscan.o(.bss.key_check)
    key_cvt                                  0x20000075   Data           1  keyscan.o(.bss.key_cvt)
    key_debounce                             0x20000076   Data           1  keyscan.o(.bss.key_debounce)
    mm                                       0x20000077   Data           1  main.o(.bss.mm)
    ms_count                                 0x20000078   Data           4  main.o(.bss.ms_count)
    segment_buff                             0x2000007c   Data           4  segment.o(.bss.segment_buff)
    ss                                       0x20000080   Data           1  main.o(.bss.ss)
    timeout_ms                               0x20000084   Data           4  main.o(.bss.timeout_ms)
    timer_1ms_flag                           0x20000088   Data           1  ct16b1.o(.bss.timer_1ms_flag)



==============================================================================

Memory Map of the image

  Image Entry point : 0x000000c1

  Load Region LR_IROM1 (Base: 0x00000000, Size: 0x00000f00, Max: 0x00007ffc, ABSOLUTE)

    Execution Region ER_IROM1 (Exec base: 0x00000000, Load base: 0x00000000, Size: 0x00000f00, Max: 0x00007ffc, ABSOLUTE)

    Exec Addr    Load Addr    Size         Type   Attr      Idx    E Section Name        Object

    0x00000000   0x00000000   0x000000c0   Data   RO          186    RESET               startup_sn32f400.o
    0x000000c0   0x000000c0   0x00000008   Code   RO          221  * !!!main             c_p.l(__main.o)
    0x000000c8   0x000000c8   0x00000054   Code   RO          398    !!!scatter          c_p.l(__scatter.o)
    0x0000011c   0x0000011c   0x00000002   Code   RO          399    !!handler_null      c_p.l(__scatter.o)
    0x0000011e   0x0000011e   0x00000002   PAD
    0x00000120   0x00000120   0x0000001c   Code   RO          402    !!handler_zi        c_p.l(__scatter_zi.o)
    0x0000013c   0x0000013c   0x00000002   Code   RO          259    .ARM.Collect$$libinit$$00000000  c_p.l(libinit.o)
    0x0000013e   0x0000013e   0x00000000   Code   RO          273    .ARM.Collect$$libinit$$00000002  c_p.l(libinit2.o)
    0x0000013e   0x0000013e   0x00000000   Code   RO          275    .ARM.Collect$$libinit$$00000004  c_p.l(libinit2.o)
    0x0000013e   0x0000013e   0x00000000   Code   RO          277    .ARM.Collect$$libinit$$00000006  c_p.l(libinit2.o)
    0x0000013e   0x0000013e   0x00000000   Code   RO          280    .ARM.Collect$$libinit$$0000000C  c_p.l(libinit2.o)
    0x0000013e   0x0000013e   0x00000000   Code   RO          282    .ARM.Collect$$libinit$$0000000E  c_p.l(libinit2.o)
    0x0000013e   0x0000013e   0x00000000   Code   RO          284    .ARM.Collect$$libinit$$00000010  c_p.l(libinit2.o)
    0x0000013e   0x0000013e   0x00000000   Code   RO          287    .ARM.Collect$$libinit$$00000013  c_p.l(libinit2.o)
    0x0000013e   0x0000013e   0x00000000   Code   RO          289    .ARM.Collect$$libinit$$00000015  c_p.l(libinit2.o)
    0x0000013e   0x0000013e   0x00000000   Code   RO          291    .ARM.Collect$$libinit$$00000017  c_p.l(libinit2.o)
    0x0000013e   0x0000013e   0x00000000   Code   RO          293    .ARM.Collect$$libinit$$00000019  c_p.l(libinit2.o)
    0x0000013e   0x0000013e   0x00000000   Code   RO          295    .ARM.Collect$$libinit$$0000001B  c_p.l(libinit2.o)
    0x0000013e   0x0000013e   0x00000000   Code   RO          297    .ARM.Collect$$libinit$$0000001D  c_p.l(libinit2.o)
    0x0000013e   0x0000013e   0x00000000   Code   RO          299    .ARM.Collect$$libinit$$0000001F  c_p.l(libinit2.o)
    0x0000013e   0x0000013e   0x00000000   Code   RO          301    .ARM.Collect$$libinit$$00000021  c_p.l(libinit2.o)
    0x0000013e   0x0000013e   0x00000000   Code   RO          303    .ARM.Collect$$libinit$$00000023  c_p.l(libinit2.o)
    0x0000013e   0x0000013e   0x00000000   Code   RO          305    .ARM.Collect$$libinit$$00000025  c_p.l(libinit2.o)
    0x0000013e   0x0000013e   0x00000000   Code   RO          307    .ARM.Collect$$libinit$$00000027  c_p.l(libinit2.o)
    0x0000013e   0x0000013e   0x00000000   Code   RO          311    .ARM.Collect$$libinit$$0000002E  c_p.l(libinit2.o)
    0x0000013e   0x0000013e   0x00000000   Code   RO          313    .ARM.Collect$$libinit$$00000030  c_p.l(libinit2.o)
    0x0000013e   0x0000013e   0x00000000   Code   RO          315    .ARM.Collect$$libinit$$00000032  c_p.l(libinit2.o)
    0x0000013e   0x0000013e   0x00000000   Code   RO          317    .ARM.Collect$$libinit$$00000034  c_p.l(libinit2.o)
    0x0000013e   0x0000013e   0x00000002   Code   RO          318    .ARM.Collect$$libinit$$00000035  c_p.l(libinit2.o)
    0x00000140   0x00000140   0x00000002   Code   RO          353    .ARM.Collect$$libshutdown$$00000000  c_p.l(libshutdown.o)
    0x00000142   0x00000142   0x00000000   Code   RO          381    .ARM.Collect$$libshutdown$$00000002  c_p.l(libshutdown2.o)
    0x00000142   0x00000142   0x00000000   Code   RO          383    .ARM.Collect$$libshutdown$$00000004  c_p.l(libshutdown2.o)
    0x00000142   0x00000142   0x00000000   Code   RO          386    .ARM.Collect$$libshutdown$$00000007  c_p.l(libshutdown2.o)
    0x00000142   0x00000142   0x00000000   Code   RO          389    .ARM.Collect$$libshutdown$$0000000A  c_p.l(libshutdown2.o)
    0x00000142   0x00000142   0x00000000   Code   RO          391    .ARM.Collect$$libshutdown$$0000000C  c_p.l(libshutdown2.o)
    0x00000142   0x00000142   0x00000000   Code   RO          394    .ARM.Collect$$libshutdown$$0000000F  c_p.l(libshutdown2.o)
    0x00000142   0x00000142   0x00000002   Code   RO          395    .ARM.Collect$$libshutdown$$00000010  c_p.l(libshutdown2.o)
    0x00000144   0x00000144   0x00000000   Code   RO          223    .ARM.Collect$$rtentry$$00000000  c_p.l(__rtentry.o)
    0x00000144   0x00000144   0x00000000   Code   RO          229    .ARM.Collect$$rtentry$$00000002  c_p.l(__rtentry2.o)
    0x00000144   0x00000144   0x00000006   Code   RO          241    .ARM.Collect$$rtentry$$00000004  c_p.l(__rtentry4.o)
    0x0000014a   0x0000014a   0x00000000   Code   RO          231    .ARM.Collect$$rtentry$$00000009  c_p.l(__rtentry2.o)
    0x0000014a   0x0000014a   0x00000004   Code   RO          232    .ARM.Collect$$rtentry$$0000000A  c_p.l(__rtentry2.o)
    0x0000014e   0x0000014e   0x00000000   Code   RO          234    .ARM.Collect$$rtentry$$0000000C  c_p.l(__rtentry2.o)
    0x0000014e   0x0000014e   0x00000008   Code   RO          235    .ARM.Collect$$rtentry$$0000000D  c_p.l(__rtentry2.o)
    0x00000156   0x00000156   0x00000002   Code   RO          264    .ARM.Collect$$rtexit$$00000000  c_p.l(rtexit.o)
    0x00000158   0x00000158   0x00000000   Code   RO          324    .ARM.Collect$$rtexit$$00000002  c_p.l(rtexit2.o)
    0x00000158   0x00000158   0x00000004   Code   RO          325    .ARM.Collect$$rtexit$$00000003  c_p.l(rtexit2.o)
    0x0000015c   0x0000015c   0x00000006   Code   RO          326    .ARM.Collect$$rtexit$$00000004  c_p.l(rtexit2.o)
    0x00000162   0x00000162   0x00000002   PAD
    0x00000164   0x00000164   0x0000002c   Code   RO          188    .text               startup_sn32f400.o
    0x00000190   0x00000190   0x000001f8   Code   RO          211    .text               c_p.l(aeabi_sdivfast.o)
    0x00000388   0x00000388   0x00000006   Code   RO          219    .text               c_p.l(heapauxi.o)
    0x0000038e   0x0000038e   0x0000003e   Code   RO          245    .text               c_p.l(sys_stackheap_outer.o)
    0x000003cc   0x000003cc   0x00000010   Code   RO          248    .text               c_p.l(exit.o)
    0x000003dc   0x000003dc   0x00000008   Code   RO          260    .text               c_p.l(libspace.o)
    0x000003e4   0x000003e4   0x0000000c   Code   RO          319    .text               c_p.l(sys_exit.o)
    0x000003f0   0x000003f0   0x00000002   Code   RO          342    .text               c_p.l(use_no_semi.o)
    0x000003f2   0x000003f2   0x00000000   Code   RO          344    .text               c_p.l(indicate_semi.o)
    0x000003f2   0x000003f2   0x00000002   PAD
    0x000003f4   0x000003f4   0x0000000c   Code   RO          128    .text.CT16B0_IRQHandler  ct16b0.o
    0x00000400   0x00000400   0x00000030   Code   RO          130    .text.CT16B0_Init   ct16b0.o
    0x00000430   0x00000430   0x0000001c   Code   RO           89    .text.CT16B1_IRQHandler  ct16b1.o
    0x0000044c   0x0000044c   0x00000038   Code   RO           91    .text.CT16B1_Init   ct16b1.o
    0x00000484   0x00000484   0x00000054   Code   RO          172    .text.Digital_Scan  segment.o
    0x000004d8   0x000004d8   0x0000003c   Code   RO           42    .text.GPIO_Init     gpio.o
    0x00000514   0x00000514   0x0000000c   Code   RO          108    .text.I2C0_IRQHandler  i2c0.o
    0x00000520   0x00000520   0x00000024   Code   RO          110    .text.I2C0_Init     i2c0.o
    0x00000544   0x00000544   0x00000018   Code   RO          112    .text.I2C0_Start    i2c0.o
    0x0000055c   0x0000055c   0x00000018   Code   RO          114    .text.I2C0_Stop     i2c0.o
    0x00000574   0x00000574   0x00000028   Code   RO          118    .text.I2C_read_byte  i2c0.o
    0x0000059c   0x0000059c   0x00000020   Code   RO          116    .text.I2C_write_byte  i2c0.o
    0x000005bc   0x000005bc   0x000000bc   Code   RO          144    .text.KeyScan       keyscan.o
    0x00000678   0x00000678   0x0000000c   Code   RO           44    .text.P0_IRQHandler  gpio.o
    0x00000684   0x00000684   0x0000000c   Code   RO           46    .text.P1_IRQHandler  gpio.o
    0x00000690   0x00000690   0x0000000c   Code   RO           48    .text.P2_IRQHandler  gpio.o
    0x0000069c   0x0000069c   0x00000010   Code   RO           50    .text.P3_IRQHandler  gpio.o
    0x000006ac   0x000006ac   0x00000024   Code   RO           34    .text.PFPA_Init     pfpa.o
    0x000006d0   0x000006d0   0x000000dc   Code   RO          197    .text.SystemCoreClockUpdate  system_sn32f400.o
    0x000007ac   0x000007ac   0x00000030   Code   RO          199    .text.SystemInit    system_sn32f400.o
    0x000007dc   0x000007dc   0x0000002c   Code   RO           79    .text.UT_DelayNms   utility.o
    0x00000808   0x00000808   0x00000016   Code   RO           77    .text.UT_DelayNx10us  utility.o
    0x0000081e   0x0000081e   0x00000002   PAD
    0x00000820   0x00000820   0x00000020   Code   RO           59    .text.WDT_IRQHandler  wdt.o
    0x00000840   0x00000840   0x0000005a   Code   RO          158    .text.eeprom_read   eeprom.o
    0x0000089a   0x0000089a   0x00000038   Code   RO          156    .text.eeprom_write  eeprom.o
    0x000008d2   0x000008d2   0x00000002   PAD
    0x000008d4   0x000008d4   0x00000414   Code   RO           12    .text.main          main.o
    0x00000ce8   0x00000ce8   0x000001f6   Code   RO          212    .text_divfast       c_p.l(aeabi_sdivfast.o)
    0x00000ede   0x00000ede   0x00000011   Data   RO          174    .rodata.SEGMENT_TABLE  segment.o
    0x00000eef   0x00000eef   0x00000001   PAD
    0x00000ef0   0x00000ef0   0x00000010   Data   RO          397    Region$$Table       anon$$obj.o


    Execution Region RW_IRAM1 (Exec base: 0x20000000, Load base: 0x00000f00, Size: 0x00000290, Max: 0x00002000, ABSOLUTE)

    Exec Addr    Load Addr    Size         Type   Attr      Idx    E Section Name        Object

    0x20000000        -       0x00000060   Zero   RW          261    .bss                c_p.l(libspace.o)
    0x20000060        -       0x00000004   Zero   RW          201    .bss.SystemCoreClock  system_sn32f400.o
    0x20000064        -       0x00000001   Zero   RW           18    .bss.al_h           main.o
    0x20000065        -       0x00000001   Zero   RW           19    .bss.al_m           main.o
    0x20000066   0x00000f00   0x00000002   PAD
    0x20000068        -       0x00000004   Zero   RW           23    .bss.alarm_ring_ms  main.o
    0x2000006c        -       0x00000004   Zero   RW           22    .bss.beep_timer_ms  main.o
    0x20000070        -       0x00000001   Zero   RW           24    .bss.blink_state    main.o
    0x20000071        -       0x00000001   Zero   RW          175    .bss.com_scan       segment.o
    0x20000072        -       0x00000001   Zero   RW           14    .bss.current_mode   main.o
    0x20000073        -       0x00000001   Zero   RW           15    .bss.hh             main.o
    0x20000074        -       0x00000001   Zero   RW          146    .bss.key_check      keyscan.o
    0x20000075        -       0x00000001   Zero   RW          147    .bss.key_cvt        keyscan.o
    0x20000076        -       0x00000001   Zero   RW          148    .bss.key_debounce   keyscan.o
    0x20000077        -       0x00000001   Zero   RW           16    .bss.mm             main.o
    0x20000078        -       0x00000004   Zero   RW           20    .bss.ms_count       main.o
    0x2000007c        -       0x00000004   Zero   RW          176    .bss.segment_buff   segment.o
    0x20000080        -       0x00000001   Zero   RW           17    .bss.ss             main.o
    0x20000081   0x00000f00   0x00000003   PAD
    0x20000084        -       0x00000004   Zero   RW           21    .bss.timeout_ms     main.o
    0x20000088        -       0x00000001   Zero   RW           99    .bss.timer_1ms_flag  ct16b1.o
    0x20000089   0x00000f00   0x00000007   PAD
    0x20000090        -       0x00000000   Zero   RW          185    HEAP                startup_sn32f400.o
    0x20000090        -       0x00000200   Zero   RW          184    STACK               startup_sn32f400.o



  Load Region LR$$.ARM.__at_0x00007FFC (Base: 0x00007ffc, Size: 0x00000004, Max: 0x00000004, ABSOLUTE)

    Execution Region ER$$.ARM.__at_0x00007FFC (Exec base: 0x00007ffc, Load base: 0x00007ffc, Size: 0x00000004, Max: 0x00000004, ABSOLUTE, UNINIT)

    Exec Addr    Load Addr    Size         Type   Attr      Idx    E Section Name        Object

    0x00007ffc   0x00007ffc   0x00000004   Code   RO          187    .ARM.__at_0x00007FFC  startup_sn32f400.o


==============================================================================

Image component sizes


      Code (inc. data)   RO Data    RW Data    ZI Data      Debug   Object Name

        60          8          0          0          0       7318   ct16b0.o
        84         20          0          0          1       6903   ct16b1.o
       146          0          0          0          0       1328   eeprom.o
       112         28          0          0          0      11250   gpio.o
       168         12          0          0          0       4648   i2c0.o
       188         24          0          0          3       6939   keyscan.o
      1044        104          0          0         23      13449   main.o
        36          8          0          0          0       1966   pfpa.o
        84         32         17          0          5       7039   segment.o
        48         22        192          0        512        888   startup_sn32f400.o
       268         74          0          0          4       3629   system_sn32f400.o
        66          4          0          0          0       1495   utility.o
        32         12          0          0          0       3265   wdt.o

    ----------------------------------------------------------------------
      2340        348        226          0        560      70117   Object Totals
         0          0         16          0          0          0   (incl. Generated)
         4          0          1          0         12          0   (incl. Padding)

    ----------------------------------------------------------------------

      Code (inc. data)   RO Data    RW Data    ZI Data      Debug   Library Member Name

         8          0          0          0          0         68   __main.o
         0          0          0          0          0          0   __rtentry.o
        12          0          0          0          0          0   __rtentry2.o
         6          0          0          0          0          0   __rtentry4.o
        86         10          0          0          0          0   __scatter.o
        28          0          0          0          0          0   __scatter_zi.o
      1006          4          0          0          0        184   aeabi_sdivfast.o
        16          0          0          0          0         68   exit.o
         6          0          0          0          0        136   heapauxi.o
         0          0          0          0          0          0   indicate_semi.o
         2          0          0          0          0          0   libinit.o
         2          0          0          0          0          0   libinit2.o
         2          0          0          0          0          0   libshutdown.o
         2          0          0          0          0          0   libshutdown2.o
         8          4          0          0         96         68   libspace.o
         2          0          0          0          0          0   rtexit.o
        10          0          0          0          0          0   rtexit2.o
        12          4          0          0          0         60   sys_exit.o
        62          0          0          0          0         80   sys_stackheap_outer.o
         2          0          0          0          0         68   use_no_semi.o

    ----------------------------------------------------------------------
      1278         22          0          0         96        732   Library Totals
         6          0          0          0          0          0   (incl. Padding)

    ----------------------------------------------------------------------

      Code (inc. data)   RO Data    RW Data    ZI Data      Debug   Library Name

      1272         22          0          0         96        732   c_p.l

    ----------------------------------------------------------------------
      1278         22          0          0         96        732   Library Totals

    ----------------------------------------------------------------------

==============================================================================


      Code (inc. data)   RO Data    RW Data    ZI Data      Debug   

      3618        370        226          0        656      70433   Grand Totals
      3618        370        226          0        656      70433   ELF Image Totals
      3618        370        226          0          0          0   ROM Totals

==============================================================================

    Total RO  Size (Code + RO Data)                 3844 (   3.75kB)
    Total RW  Size (RW Data + ZI Data)               656 (   0.64kB)
    Total ROM Size (Code + RO Data + RW Data)       3844 (   3.75kB)

==============================================================================

